// Jest Snapshot v1, https://goo.gl/fbAQLP

exports[`<App /> mount rendering matches the snapshot 1`] = `
<App>
  <div
    className="App"
  >
    <header
      className="App-header"
    >
      <img
        alt="logo"
        className="App-logo"
        src="logo.svg"
      />
      <h1
        className="App-title"
      >
        Welcome to React
      </h1>
    </header>
    <Title
      text="Some title"
    >
      <div>
        Some title
      </div>
    </Title>
    <p
      className="App-intro"
    >
      To get started, edit 
      <code>
        src/App.js
      </code>
       and save to reload.
    </p>
    <p
      className="button-state"
    >
      No!
    </p>
    <button
      onClick={[Function]}
    >
      Click
    </button>
    <h2 />
    <input
      onChange={[Function]}
      type="text"
    />
  </div>
</App>
`;

exports[`<App /> shallow rendering matches the snapshot 1`] = `
<div
  className="App"
>
  <header
    className="App-header"
  >
    <img
      alt="logo"
      className="App-logo"
      src="logo.svg"
    />
    <h1
      className="App-title"
    >
      Welcome to React
    </h1>
  </header>
  <Title
    text="Some title"
  />
  <p
    className="App-intro"
  >
    To get started, edit 
    <code>
      src/App.js
    </code>
     and save to reload.
  </p>
  <p
    className="button-state"
  >
    No!
  </p>
  <button
    onClick={[Function]}
  >
    Click
  </button>
  <h2 />
  <input
    onChange={[Function]}
    type="text"
  />
</div>
`;
